127.0.0.1 - - [13/Aug/2020:01:13:40 +0900] "GET / HTTP/1.1" 404 750
0:0:0:0:0:0:0:1 - - [13/Aug/2020:01:13:41 +0900] "GET /pro06/clac HTTP/1.1" 200 507
0:0:0:0:0:0:0:1 - - [13/Aug/2020:01:13:41 +0900] "GET /favicon.ico HTTP/1.1" 404 761
0:0:0:0:0:0:0:1 - - [13/Aug/2020:01:13:49 +0900] "GET /pro06/calc?won=1000&operator=en&command=calculate+%2F%3E%3Cinput+type%3D HTTP/1.1" 404 764
127.0.0.1 - - [13/Aug/2020:01:15:11 +0900] "GET / HTTP/1.1" 404 750
0:0:0:0:0:0:0:1 - - [13/Aug/2020:01:15:12 +0900] "GET /pro06/clac HTTP/1.1" 200 508
0:0:0:0:0:0:0:1 - - [13/Aug/2020:01:15:14 +0900] "GET /pro06/calc?won=1000&operator=dollar&command=calculate HTTP/1.1" 404 764
127.0.0.1 - - [13/Aug/2020:01:16:34 +0900] "GET / HTTP/1.1" 404 750
0:0:0:0:0:0:0:1 - - [13/Aug/2020:01:16:35 +0900] "GET /pro06/clac HTTP/1.1" 200 508
0:0:0:0:0:0:0:1 - - [13/Aug/2020:01:16:36 +0900] "GET /pro06/calc?won=1000&operator=dollar&command=calculate HTTP/1.1" 404 764
127.0.0.1 - - [13/Aug/2020:01:18:19 +0900] "GET / HTTP/1.1" 404 750
0:0:0:0:0:0:0:1 - - [13/Aug/2020:01:18:21 +0900] "GET /pro06/clac HTTP/1.1" 200 508
0:0:0:0:0:0:0:1 - - [13/Aug/2020:01:18:23 +0900] "GET /pro06/calc?won=1000&operator=dollar&command=calculate HTTP/1.1" 404 764
127.0.0.1 - - [13/Aug/2020:01:18:32 +0900] "GET / HTTP/1.1" 404 750
0:0:0:0:0:0:0:1 - - [13/Aug/2020:01:18:35 +0900] "GET /pro06/clac HTTP/1.1" 200 508
0:0:0:0:0:0:0:1 - - [13/Aug/2020:01:18:38 +0900] "GET /pro06/calc?won=1000&operator=dollar&command=calculate HTTP/1.1" 404 764
0:0:0:0:0:0:0:1 - - [13/Aug/2020:01:20:44 +0900] "GET /pro06/clac HTTP/1.1" 200 508
0:0:0:0:0:0:0:1 - - [13/Aug/2020:01:20:46 +0900] "GET /pro06/calc?won=1000&operator=dollar&command=calculate HTTP/1.1" 404 764
127.0.0.1 - - [13/Aug/2020:01:21:33 +0900] "GET / HTTP/1.1" 404 750
0:0:0:0:0:0:0:1 - - [13/Aug/2020:01:21:33 +0900] "GET /pro06/clac HTTP/1.1" 200 508
0:0:0:0:0:0:0:1 - - [13/Aug/2020:01:21:51 +0900] "GET /pro06/calc?won=1000&operator=dollar&command=calculate HTTP/1.1" 404 764
0:0:0:0:0:0:0:1 - - [13/Aug/2020:01:22:11 +0900] "GET /pro06/clac HTTP/1.1" 200 508
127.0.0.1 - - [13/Aug/2020:01:22:25 +0900] "GET / HTTP/1.1" 404 750
0:0:0:0:0:0:0:1 - - [13/Aug/2020:01:22:26 +0900] "GET /pro06/clac HTTP/1.1" 200 523
0:0:0:0:0:0:0:1 - - [13/Aug/2020:01:22:28 +0900] "GET /pro06/calc?won=1000&operator=dollar&command=calculate HTTP/1.1" 404 764
127.0.0.1 - - [13/Aug/2020:01:23:00 +0900] "GET / HTTP/1.1" 404 750
0:0:0:0:0:0:0:1 - - [13/Aug/2020:01:23:02 +0900] "GET /pro06/clac HTTP/1.1" 200 519
0:0:0:0:0:0:0:1 - - [13/Aug/2020:01:23:04 +0900] "GET /pro06/calc?won=1000&operator=dollar&command=calculate HTTP/1.1" 404 764
127.0.0.1 - - [13/Aug/2020:01:23:32 +0900] "GET / HTTP/1.1" 404 750
0:0:0:0:0:0:0:1 - - [13/Aug/2020:01:23:32 +0900] "GET /pro06/clac HTTP/1.1" 200 519
0:0:0:0:0:0:0:1 - - [13/Aug/2020:01:23:37 +0900] "GET /pro06/calc?won=1000&operator=wian&command=calculate HTTP/1.1" 404 764
127.0.0.1 - - [13/Aug/2020:01:24:44 +0900] "GET / HTTP/1.1" 404 750
0:0:0:0:0:0:0:1 - - [13/Aug/2020:01:24:44 +0900] "GET /pro06/clac HTTP/1.1" 200 519
0:0:0:0:0:0:0:1 - - [13/Aug/2020:01:24:47 +0900] "GET /pro06/calc?won=1000&operator=dollar&command=calculate HTTP/1.1" 404 764
127.0.0.1 - - [13/Aug/2020:01:24:59 +0900] "GET / HTTP/1.1" 404 750
0:0:0:0:0:0:0:1 - - [13/Aug/2020:01:25:08 +0900] "GET /pro06/clac HTTP/1.1" 200 519
0:0:0:0:0:0:0:1 - - [13/Aug/2020:01:25:11 +0900] "GET /pro06/calc?won=1000&operator=dollar&command=calculate HTTP/1.1" 404 764
0:0:0:0:0:0:0:1 - - [13/Aug/2020:01:25:21 +0900] "GET /pro06/calc?won=1000&operator=dollar&command=calculate HTTP/1.1" 404 764
127.0.0.1 - - [13/Aug/2020:01:27:04 +0900] "GET / HTTP/1.1" 404 750
0:0:0:0:0:0:0:1 - - [13/Aug/2020:01:27:05 +0900] "GET /pro06/calc HTTP/1.1" 200 523
0:0:0:0:0:0:0:1 - - [13/Aug/2020:01:27:07 +0900] "GET /pro06/calc?won=1000&operator=dollar&command=calculate HTTP/1.1" 200 125
127.0.0.1 - - [13/Aug/2020:01:31:18 +0900] "GET / HTTP/1.1" 404 750
0:0:0:0:0:0:0:1 - - [13/Aug/2020:01:31:20 +0900] "GET /pro06/calc HTTP/1.1" 404 764
0:0:0:0:0:0:0:1 - - [13/Aug/2020:01:31:24 +0900] "GET /pro06/calc HTTP/1.1" 404 764
0:0:0:0:0:0:0:1 - - [13/Aug/2020:01:31:24 +0900] "GET /pro06/calc HTTP/1.1" 404 764
127.0.0.1 - - [13/Aug/2020:01:31:43 +0900] "GET / HTTP/1.1" 404 750
0:0:0:0:0:0:0:1 - - [13/Aug/2020:01:31:44 +0900] "GET /pro06/clac HTTP/1.1" 200 519
0:0:0:0:0:0:0:1 - - [13/Aug/2020:01:31:47 +0900] "GET /pro06/calc?won=1000&operator=dollar&command=calculate HTTP/1.1" 404 764
127.0.0.1 - - [13/Aug/2020:01:33:48 +0900] "GET / HTTP/1.1" 404 750
0:0:0:0:0:0:0:1 - - [13/Aug/2020:01:33:49 +0900] "GET /pro06/clac HTTP/1.1" 200 519
0:0:0:0:0:0:0:1 - - [13/Aug/2020:01:33:51 +0900] "GET /pro06/calc?won=1000&operator=dollar&command=calculate HTTP/1.1" 404 764
127.0.0.1 - - [13/Aug/2020:01:34:13 +0900] "GET / HTTP/1.1" 404 750
0:0:0:0:0:0:0:1 - - [13/Aug/2020:01:34:16 +0900] "GET /pro06/clac HTTP/1.1" 404 764
0:0:0:0:0:0:0:1 - - [13/Aug/2020:01:34:20 +0900] "GET /pro06/calc HTTP/1.1" 200 523
0:0:0:0:0:0:0:1 - - [13/Aug/2020:01:34:23 +0900] "GET /pro06/calc?won=1000&operator=dollar&command=calculate HTTP/1.1" 200 125
127.0.0.1 - - [13/Aug/2020:01:35:46 +0900] "GET / HTTP/1.1" 404 750
0:0:0:0:0:0:0:1 - - [13/Aug/2020:01:35:47 +0900] "GET /pro06/clac HTTP/1.1" 200 523
0:0:0:0:0:0:0:1 - - [13/Aug/2020:01:35:49 +0900] "GET /pro06/calc?won=1000&operator=dollar&command=calculate HTTP/1.1" 404 764
0:0:0:0:0:0:0:1 - - [13/Aug/2020:01:36:58 +0900] "GET /pro06/calc HTTP/1.1" 200 523
0:0:0:0:0:0:0:1 - - [13/Aug/2020:01:37:00 +0900] "GET /pro06/calc?won=1000&operator=dollar&command=calculate HTTP/1.1" 200 125
0:0:0:0:0:0:0:1 - - [13/Aug/2020:01:37:16 +0900] "GET /pro06/calc?won=1000&operator=dollar&command=calculate HTTP/1.1" 404 764
127.0.0.1 - - [13/Aug/2020:01:37:17 +0900] "GET / HTTP/1.1" 404 750
0:0:0:0:0:0:0:1 - - [13/Aug/2020:01:37:19 +0900] "GET /pro06/calc?won=1000&operator=dollar&command=calculate HTTP/1.1" 404 764
127.0.0.1 - - [13/Aug/2020:01:38:59 +0900] "GET / HTTP/1.1" 404 750
0:0:0:0:0:0:0:1 - - [13/Aug/2020:01:38:59 +0900] "GET /pro06/calc HTTP/1.1" 200 523
0:0:0:0:0:0:0:1 - - [13/Aug/2020:01:39:02 +0900] "GET /pro06/calc?won=111&operator=dollar&command=calculate HTTP/1.1" 200 125
127.0.0.1 - - [13/Aug/2020:01:40:28 +0900] "GET / HTTP/1.1" 404 750
0:0:0:0:0:0:0:1 - - [13/Aug/2020:01:40:29 +0900] "GET /pro06/calc HTTP/1.1" 200 523
0:0:0:0:0:0:0:1 - - [13/Aug/2020:01:40:50 +0900] "GET /pro06/calc?won=1000&operator=dollar&command=calculate HTTP/1.1" 200 125
127.0.0.1 - - [13/Aug/2020:01:40:58 +0900] "GET / HTTP/1.1" 404 750
0:0:0:0:0:0:0:1 - - [13/Aug/2020:01:42:23 +0900] "GET /pro06/calc HTTP/1.1" 200 523
0:0:0:0:0:0:0:1 - - [13/Aug/2020:01:42:51 +0900] "GET /pro06/calc?won=1000&operator=dollar&command=calculate HTTP/1.1" 200 125
127.0.0.1 - - [13/Aug/2020:01:47:01 +0900] "GET / HTTP/1.1" 404 750
0:0:0:0:0:0:0:1 - - [13/Aug/2020:01:47:08 +0900] "GET /pro06/login3 HTTP/1.1" 405 825
127.0.0.1 - - [13/Aug/2020:01:47:25 +0900] "GET / HTTP/1.1" 404 750
0:0:0:0:0:0:0:1 - - [13/Aug/2020:01:47:26 +0900] "GET /pro06/login.html HTTP/1.1" 200 406
0:0:0:0:0:0:0:1 - - [13/Aug/2020:01:47:33 +0900] "POST /pro06/login3 HTTP/1.1" 200 -
127.0.0.1 - - [13/Aug/2020:01:48:08 +0900] "GET / HTTP/1.1" 404 750
127.0.0.1 - - [13/Aug/2020:01:48:28 +0900] "GET / HTTP/1.1" 404 750
0:0:0:0:0:0:0:1 - - [13/Aug/2020:01:48:36 +0900] "POST /pro06/login3 HTTP/1.1" 200 -
127.0.0.1 - - [13/Aug/2020:16:45:17 +0900] "GET / HTTP/1.1" 404 750
0:0:0:0:0:0:0:1 - - [13/Aug/2020:16:45:18 +0900] "GET /pro06/login4 HTTP/1.1" 200 -
0:0:0:0:0:0:0:1 - - [13/Aug/2020:16:45:18 +0900] "GET /favicon.ico HTTP/1.1" 404 761
0:0:0:0:0:0:0:1 - - [13/Aug/2020:16:45:34 +0900] "GET /pro06/login.html HTTP/1.1" 200 405
0:0:0:0:0:0:0:1 - - [13/Aug/2020:16:45:38 +0900] "GET /pro06/login4?user_id=ban&user_pw=1234 HTTP/1.1" 200 -
0:0:0:0:0:0:0:1 - - [13/Aug/2020:16:46:48 +0900] "GET /pro06/login.html HTTP/1.1" 304 -
0:0:0:0:0:0:0:1 - - [13/Aug/2020:16:46:55 +0900] "GET /pro06/login4?user_id=Ban&user_pw=1234 HTTP/1.1" 200 -
127.0.0.1 - - [13/Aug/2020:16:47:39 +0900] "GET / HTTP/1.1" 404 750
0:0:0:0:0:0:0:1 - - [13/Aug/2020:16:47:44 +0900] "GET /pro06/login4?user_id=Ban&user_pw=1234 HTTP/1.1" 200 -
0:0:0:0:0:0:0:1 - - [13/Aug/2020:16:47:49 +0900] "GET /pro06/login.html HTTP/1.1" 200 406
0:0:0:0:0:0:0:1 - - [13/Aug/2020:16:47:50 +0900] "GET /pro06/login.html HTTP/1.1" 304 -
0:0:0:0:0:0:0:1 - - [13/Aug/2020:16:47:53 +0900] "POST /pro06/login4 HTTP/1.1" 200 -
127.0.0.1 - - [13/Aug/2020:17:14:50 +0900] "GET / HTTP/1.1" 404 750
0:0:0:0:0:0:0:1 - - [13/Aug/2020:17:14:50 +0900] "GET /pro06/login2.html HTTP/1.1" 200 1017
0:0:0:0:0:0:0:1 - - [13/Aug/2020:17:16:41 +0900] "GET /pro06/login2.html HTTP/1.1" 200 1016
127.0.0.1 - - [13/Aug/2020:17:17:38 +0900] "GET / HTTP/1.1" 404 750
0:0:0:0:0:0:0:1 - - [13/Aug/2020:17:17:40 +0900] "GET /pro06/login2.html HTTP/1.1" 200 1083
0:0:0:0:0:0:0:1 - - [13/Aug/2020:17:17:47 +0900] "POST /pro06/login5 HTTP/1.1" 200 89
0:0:0:0:0:0:0:1 - - [13/Aug/2020:17:18:11 +0900] "POST /pro06/login5 HTTP/1.1" 200 93
